// Jest Snapshot v1, https://goo.gl/fbAQLP

exports[`adding blocks Should switch to the large style of the quote block 1`] = `
"<!-- wp:quote {\\"className\\":\\"is-style-large\\"} -->
<blockquote class=\\"wp-block-quote is-style-large\\"><!-- wp:paragraph -->
<p>Quote content</p>
<!-- /wp:paragraph --></blockquote>
<!-- /wp:quote -->"
`;
